src/pages/Activity.tsx(26,33): error TS2554: Expected 2 arguments, but got 1.
src/pages/Activity.tsx(45,32): error TS2554: Expected 3 arguments, but got 2.
src/pages/Settings.tsx(120,87): error TS2339: Property 'address' does not exist on type '{ name: string; description: string; price: string; endpoint: string; }'.
