
[1m[46m RUN [49m[22m [36mv4.0.18 [39m[90mC:/Users/moeew/OneDrive/Dokumen/Hackathon/stacks-btc/kova/frontend[39m

 [32mΓ£ô[39m src/__tests__/contracts.test.ts[2m > [22mcreateWallet validation[2m > [22mrejects empty agent address[32m 3[2mms[22m[39m
 [32mΓ£ô[39m src/__tests__/contracts.test.ts[2m > [22mcreateWallet validation[2m > [22mrejects whitespace-only agent address[32m 1[2mms[22m[39m
 [32mΓ£ô[39m src/__tests__/contracts.test.ts[2m > [22mcreateWallet validation[2m > [22mrejects zero daily limit[32m 0[2mms[22m[39m
 [32mΓ£ô[39m src/__tests__/contracts.test.ts[2m > [22mcreateWallet validation[2m > [22mrejects negative daily limit[32m 1[2mms[22m[39m
 [32mΓ£ô[39m src/__tests__/contracts.test.ts[2m > [22mcreateWallet validation[2m > [22mrejects zero per-call limit[32m 0[2mms[22m[39m
 [32mΓ£ô[39m src/__tests__/contracts.test.ts[2m > [22mcreateWallet validation[2m > [22mrejects per-call limit > daily limit[32m 0[2mms[22m[39m
 [32mΓ£ô[39m src/__tests__/contracts.test.ts[2m > [22mdeposit validation[2m > [22mrejects zero amount[32m 0[2mms[22m[39m
 [32mΓ£ô[39m src/__tests__/contracts.test.ts[2m > [22mdeposit validation[2m > [22mrejects negative amount[32m 0[2mms[22m[39m
 [32mΓ£ô[39m src/__tests__/contracts.test.ts[2m > [22mdeposit validation[2m > [22mrejects empty sender address[32m 1[2mms[22m[39m
 [32mΓ£ô[39m src/__tests__/contracts.test.ts[2m > [22mwithdraw validation[2m > [22mrejects zero amount[32m 1[2mms[22m[39m
 [32mΓ£ô[39m src/__tests__/contracts.test.ts[2m > [22mwithdraw validation[2m > [22mrejects negative amount[32m 0[2mms[22m[39m
 [32mΓ£ô[39m src/__tests__/contracts.test.ts[2m > [22msetLimits validation[2m > [22mrejects zero daily limit[32m 0[2mms[22m[39m
 [32mΓ£ô[39m src/__tests__/contracts.test.ts[2m > [22msetLimits validation[2m > [22mrejects zero per-call limit[32m 0[2mms[22m[39m
 [32mΓ£ô[39m src/__tests__/contracts.test.ts[2m > [22msetLimits validation[2m > [22mrejects per-call > daily[32m 0[2mms[22m[39m
 [32mΓ£ô[39m src/__tests__/contracts.test.ts[2m > [22mregisterService validation[2m > [22mrejects empty name[32m 0[2mms[22m[39m
 [32mΓ£ô[39m src/__tests__/contracts.test.ts[2m > [22mregisterService validation[2m > [22mrejects whitespace-only name[32m 0[2mms[22m[39m
 [32mΓ£ô[39m src/__tests__/contracts.test.ts[2m > [22mregisterService validation[2m > [22mrejects empty URL[32m 0[2mms[22m[39m
 [32mΓ£ô[39m src/__tests__/contracts.test.ts[2m > [22mregisterService validation[2m > [22mrejects zero price[32m 0[2mms[22m[39m
 [32mΓ£ô[39m src/__tests__/contracts.test.ts[2m > [22mregisterService validation[2m > [22mrejects negative price[32m 0[2mms[22m[39m

[2m Test Files [22m [1m[32m1 passed[39m[22m[90m (1)[39m
[2m      Tests [22m [1m[32m19 passed[39m[22m[90m (19)[39m
[2m   Start at [22m 21:48:41
[2m   Duration [22m 968ms[2m (transform 145ms, setup 0ms, import 557ms, tests 13ms, environment 0ms)[22m

